[debug] [2026-02-13T16:25:26.100Z] ----------------------------------------------------------------------
[debug] [2026-02-13T16:25:26.112Z] Command:       /nix/store/ws50yvm6vzlzf7jzz6n7xh4szddrack1-nodejs-20.19.1/bin/node /home/user/.global_modules/bin/firebase deploy
[debug] [2026-02-13T16:25:26.114Z] CLI Version:   14.10.1
[debug] [2026-02-13T16:25:26.114Z] Platform:      linux
[debug] [2026-02-13T16:25:26.114Z] Node Version:  v20.19.1
[debug] [2026-02-13T16:25:26.114Z] Time:          Fri Feb 13 2026 16:25:26 GMT+0000 (Coordinated Universal Time)
[debug] [2026-02-13T16:25:26.115Z] ----------------------------------------------------------------------
[debug] 
[debug] [2026-02-13T16:25:26.120Z] >>> [apiv2][query] GET https://firebase-public.firebaseio.com/cli.json [none]
[debug] [2026-02-13T16:25:27.224Z] > command requires scopes: ["email","openid","https://www.googleapis.com/auth/cloudplatformprojects.readonly","https://www.googleapis.com/auth/firebase","https://www.googleapis.com/auth/cloud-platform"]
[debug] [2026-02-13T16:25:27.224Z] > authorizing via signed-in user (aljohme@gmail.com)
[debug] [2026-02-13T16:25:27.225Z] [iam] checking project nutshell-insights for permissions ["firebase.projects.get","firebasehosting.sites.update"]
[debug] [2026-02-13T16:25:27.227Z] Checked if tokens are valid: false, expires at: 1752313821444
[debug] [2026-02-13T16:25:27.227Z] Checked if tokens are valid: false, expires at: 1752313821444
[debug] [2026-02-13T16:25:27.228Z] > refreshing access token with scopes: []
[debug] [2026-02-13T16:25:27.230Z] >>> [apiv2][query] POST https://www.googleapis.com/oauth2/v3/token [none]
[debug] [2026-02-13T16:25:27.230Z] >>> [apiv2][body] POST https://www.googleapis.com/oauth2/v3/token [omitted]
[debug] [2026-02-13T16:25:27.337Z] <<< [apiv2][status] POST https://www.googleapis.com/oauth2/v3/token 400
[debug] [2026-02-13T16:25:27.338Z] <<< [apiv2][body] POST https://www.googleapis.com/oauth2/v3/token [omitted]
[debug] [2026-02-13T16:25:27.340Z] >>> [apiv2][query] POST https://cloudresourcemanager.googleapis.com/v1/projects/nutshell-insights:testIamPermissions [none]
[debug] [2026-02-13T16:25:27.340Z] >>> [apiv2][(partial)header] POST https://cloudresourcemanager.googleapis.com/v1/projects/nutshell-insights:testIamPermissions x-goog-quota-user=projects/nutshell-insights
[debug] [2026-02-13T16:25:27.344Z] >>> [apiv2][body] POST https://cloudresourcemanager.googleapis.com/v1/projects/nutshell-insights:testIamPermissions {"permissions":["firebase.projects.get","firebasehosting.sites.update"]}
[debug] [2026-02-13T16:25:27.486Z] <<< [apiv2][status] GET https://firebase-public.firebaseio.com/cli.json 200
[debug] [2026-02-13T16:25:27.486Z] <<< [apiv2][body] GET https://firebase-public.firebaseio.com/cli.json {"cloudBuildErrorAfter":1594252800000,"cloudBuildWarnAfter":1590019200000,"defaultNode10After":1594252800000,"minVersion":"3.0.5","node8DeploysDisabledAfter":1613390400000,"node8RuntimeDisabledAfter":1615809600000,"node8WarnAfter":1600128000000}
[debug] [2026-02-13T16:25:27.965Z] <<< [apiv2][status] POST https://cloudresourcemanager.googleapis.com/v1/projects/nutshell-insights:testIamPermissions 401
[debug] [2026-02-13T16:25:27.968Z] <<< [apiv2][body] POST https://cloudresourcemanager.googleapis.com/v1/projects/nutshell-insights:testIamPermissions {"error":{"code":401,"message":"Request had invalid authentication credentials. Expected OAuth 2 access token, login cookie or other valid authentication credential. See https://developers.google.com/identity/sign-in/web/devconsole-project.","status":"UNAUTHENTICATED","details":[{"@type":"type.googleapis.com/google.rpc.ErrorInfo","reason":"ACCESS_TOKEN_TYPE_UNSUPPORTED","metadata":{"method":"google.cloudresourcemanager.v1.Projects.TestIamPermissions","service":"cloudresourcemanager.googleapis.com"}}]}}
[debug] [2026-02-13T16:25:27.968Z] Got a 401 Unauthenticated error for a call that required authentication. Refreshing tokens.
[debug] [2026-02-13T16:25:27.969Z] Checked if tokens are valid: false, expires at: 1752313821444
[debug] [2026-02-13T16:25:27.969Z] Checked if tokens are valid: false, expires at: 1752313821444
[debug] [2026-02-13T16:25:27.969Z] > refreshing access token with scopes: []
[debug] [2026-02-13T16:25:27.970Z] >>> [apiv2][query] POST https://www.googleapis.com/oauth2/v3/token [none]
[debug] [2026-02-13T16:25:27.970Z] >>> [apiv2][body] POST https://www.googleapis.com/oauth2/v3/token [omitted]
[debug] [2026-02-13T16:25:28.008Z] <<< [apiv2][status] POST https://www.googleapis.com/oauth2/v3/token 400
[debug] [2026-02-13T16:25:28.008Z] <<< [apiv2][body] POST https://www.googleapis.com/oauth2/v3/token [omitted]
[debug] [2026-02-13T16:25:28.012Z] [iam] error while checking permissions, command may fail: Request to https://cloudresourcemanager.googleapis.com/v1/projects/nutshell-insights:testIamPermissions had HTTP Error: 401, Request had invalid authentication credentials. Expected OAuth 2 access token, login cookie or other valid authentication credential. See https://developers.google.com/identity/sign-in/web/devconsole-project.
[debug] [2026-02-13T16:25:28.013Z] Checked if tokens are valid: false, expires at: 1752313821444
[debug] [2026-02-13T16:25:28.013Z] Checked if tokens are valid: false, expires at: 1752313821444
[debug] [2026-02-13T16:25:28.013Z] > refreshing access token with scopes: []
[debug] [2026-02-13T16:25:28.014Z] >>> [apiv2][query] POST https://www.googleapis.com/oauth2/v3/token [none]
[debug] [2026-02-13T16:25:28.014Z] >>> [apiv2][body] POST https://www.googleapis.com/oauth2/v3/token [omitted]
[debug] [2026-02-13T16:25:28.033Z] <<< [apiv2][status] POST https://www.googleapis.com/oauth2/v3/token 400
[debug] [2026-02-13T16:25:28.034Z] <<< [apiv2][body] POST https://www.googleapis.com/oauth2/v3/token [omitted]
[debug] [2026-02-13T16:25:28.035Z] >>> [apiv2][query] GET https://firebase.googleapis.com/v1beta1/projects/nutshell-insights [none]
[debug] [2026-02-13T16:25:28.098Z] <<< [apiv2][status] GET https://firebase.googleapis.com/v1beta1/projects/nutshell-insights 401
[debug] [2026-02-13T16:25:28.098Z] <<< [apiv2][body] GET https://firebase.googleapis.com/v1beta1/projects/nutshell-insights {"error":{"code":401,"message":"Request had invalid authentication credentials. Expected OAuth 2 access token, login cookie or other valid authentication credential. See https://developers.google.com/identity/sign-in/web/devconsole-project.","status":"UNAUTHENTICATED"}}
[debug] [2026-02-13T16:25:28.100Z] Got a 401 Unauthenticated error for a call that required authentication. Refreshing tokens.
[debug] [2026-02-13T16:25:28.100Z] Checked if tokens are valid: false, expires at: 1752313821444
[debug] [2026-02-13T16:25:28.100Z] Checked if tokens are valid: false, expires at: 1752313821444
[debug] [2026-02-13T16:25:28.100Z] > refreshing access token with scopes: []
[debug] [2026-02-13T16:25:28.101Z] >>> [apiv2][query] POST https://www.googleapis.com/oauth2/v3/token [none]
[debug] [2026-02-13T16:25:28.103Z] >>> [apiv2][body] POST https://www.googleapis.com/oauth2/v3/token [omitted]
[debug] [2026-02-13T16:25:28.124Z] <<< [apiv2][status] POST https://www.googleapis.com/oauth2/v3/token 400
[debug] [2026-02-13T16:25:28.124Z] <<< [apiv2][body] POST https://www.googleapis.com/oauth2/v3/token [omitted]
[debug] [2026-02-13T16:25:28.128Z] Request to https://firebase.googleapis.com/v1beta1/projects/nutshell-insights had HTTP Error: 401, Request had invalid authentication credentials. Expected OAuth 2 access token, login cookie or other valid authentication credential. See https://developers.google.com/identity/sign-in/web/devconsole-project.
[error] 
[error] Error: Assertion failed: resolving hosting target of a site with no site name or target name. This should have caused an error earlier
